=== cell 1 (id=c02b0001) ===
[ok] paths resolved relative to C:\Users\Alexander\Documents\CFB\CFBapp\research\notebooks
[ok] CFBD_API_KEY loaded from C:\Users\Alexander\Documents\CFB\CFBapp\backend\.env
[ok] cache dir: C:\Users\Alexander\Documents\CFB\CFBapp\research\data\cache
[ok] N01 deliverables present: trigger_events.csv, trigger_outcomes.csv

=== cell 2 (id=c02b0002) ===
[ok] cfbd_get defined
[ok] sharing cache with Notebook 00/01/02a at C:\Users\Alexander\Documents\CFB\CFBapp\research\data\cache

=== cell 4 (id=c02b0004) ===
seasons: [2015, 2016, 2017, 2018, 2019, 2020, 2021, 2022, 2023, 2024]
season types: ['regular', 'postseason']
feature_set_version: v1_opening_drive_shock
walk-forward windows (locked from 02a, binding for 02b-g):
  train=2015-2020  val=2021  test=2022
  train=2015-2021  val=2022  test=2023
  train=2015-2022  val=2023  test=2024
baseline pre-game features (6): ['pregame_spread', 'rating_gap', 'fav_pregame_rating', 'dog_pregame_rating', 'spread_movement', 'spread_movement_is_null']
  R16-safe imputed col + indicator: ['spread_movement', 'spread_movement_is_null']
candidate features (10): ['dog_received_opening_kickoff', 'dog_scored_on_opening_drive', 'opening_drive_was_td', 'opening_drive_was_explosive_td', 'opening_drive_yards', 'opening_drive_plays', 'opening_drive_seconds', 'fav_def_epa_first_drive', 'fav_def_epa_after_first_drive', 'defense_stabilized_flag']
  drive-summary (D4 NULLs when drive_number_in_game <= 1): ['dog_scored_on_opening_drive', 'opening_drive_plays', 'opening_drive_seconds', 'opening_drive_was_explosive_td', 'opening_drive_was_td', 'opening_drive_yards']
  EPA / derived (computed from plays_before): ['defense_stabilized_flag', 'fav_def_epa_after_first_drive', 'fav_def_epa_first_drive']
explosive thresholds (D1):
  pass yards >= 20; pass types: ['Pass Reception', 'Passing Touchdown']
  rush yards >= 12; rush types: ['Rush', 'Rushing Touchdown']
redundant_with map (0 entries): {}
random state: 42

=== cell 6 (id=c02b0006) ===
trigger_events.csv:    11,416 rows x 45 cols
trigger_outcomes.csv:  11,416 rows x 6 cols
merged:                11,416 rows x 49 cols

Dropped 0 rows with NaN final_fav_won (ties / unknown).
In-scope rows for 02b: 11,416

D4 null-policy scale check:
  drive_number_in_game == 1 (drive-summary features NULL): 1,860 (16.3%)
  drive_number_in_game >= 2 (drive-summary features computable): 9,556 (83.7%)

[ok] always-present pre-game columns are non-null on the in-scope subset
     spread_movement nulls (pre-impute): 6,352 (55.64% of in-scope)

=== cell 8 (id=c02b0008) ===
distinct (season, season_type, week) tuples to load from cache: 161
[ok] /plays loaded from cache in 9.7s -- 8,536 games, 1,541,058 plays
[info] CFBD negative-id encoding: 19,828 plays across 115 games carry the alternate (negative-int) id format. Retained; chrono_key orders them correctly without referencing play.id. See research/corrections_log.md.
[ok] /drives loaded from cache in 1.5s -- 8,537 games, 214,313 drives
[ok] cache-hit assertion passed: 161 /plays lookups, 20 /drives lookups, all cached.
[ok] plays_by_game sorted by composite _chrono_key (8,536 games)
[ok] drives_by_game sorted by driveNumber (8,537 games)

=== cell 10 (id=c02b000a) ===
[ok] assert_no_lookahead defined (composite chrono_key gate)

=== cell 11 (id=c02b000b) ===
[ok] 10 feature functions registered

=== cell 13 (id=c02b000d) ===
feature_matrix_df:  11,416 rows x 28 cols
  skipped (game not in plays_by_game): 0

Null counts per candidate feature (this run):
  total in-scope triggers: 11,416
  dog_received_opening_kickoff         0 null ( 0.00%) 
  dog_scored_on_opening_drive      1,860 null (16.29%) (D4 drive-summary)
  opening_drive_was_td             1,860 null (16.29%) (D4 drive-summary)
  opening_drive_was_explosive_td   1,860 null (16.29%) (D4 drive-summary)
  opening_drive_yards              1,860 null (16.29%) (D4 drive-summary)
  opening_drive_plays              1,860 null (16.29%) (D4 drive-summary)
  opening_drive_seconds            1,860 null (16.29%) (D4 drive-summary)
  fav_def_epa_first_drive          5,377 null (47.10%) 
  fav_def_epa_after_first_drive    2,019 null (17.69%) 
  defense_stabilized_flag          7,181 null (62.90%) 

  drive-1 trigger count (expected null floor for drive-summary feats): 1,860

R16-safe NaN handling for spread_movement:
  spread_movement nulls AFTER impute:    0  (expected: 0)
  spread_movement_is_null indicator sum: 6,352 (55.64% of in-scope)

=== cell 15 (id=c02b000d3) ===
======================================================================
TRUNCATION-IMPACT DIAGNOSTICS (leaky vs chrono, per trigger)
======================================================================

[1] Drive-1 plays in plays_before (per trigger):
  total triggers analyzed: 11,416
  leaky:  mean=  5.59  median= 5.0  max= 24
  chrono: mean=  7.87  median= 7.0  max= 36
  delta (chrono - leaky) distribution:
    delta > 0 (chrono recovered truncated drive-1 plays):  5,254  (46.02%)
    delta < 0 (chrono dropped cross-drive-leaked plays):      46  ( 0.40%)
    delta == 0 (unchanged):                                 6,116  (53.57%)
    max positive delta:  25  min negative delta:  -8
  TRUNCATION/LEAK-AFFECTED triggers: 5,300 (46.43%)

[2] opening_drive_was_explosive_td flip counts:
  triggers evaluable under both filters (trig drive >= 2, drive-1 was TD):  1,691
  leaky=0, chrono=1 (explosive truncated out by leak): 542
  leaky=1, chrono=0 (false positive removed by chrono): 0
  net flip: +542 toward chrono=1
  flip rate (any direction): 32.05% of evaluable triggers

[3] fav_def_epa_first_drive per-trigger EPA-mean shifts:
  triggers with both leaky and chrono non-null: 5,514
  delta (chrono - leaky):
    mean   = -0.04889
    median = +0.00000
    |delta| max = 3.41074
  |delta| > 0.01 EPA/play: 1,773 triggers (32.15%)
  sign flips (leaky > 0 vs chrono < 0 or vice versa): 507 triggers (9.19%)

======================================================================

=== cell 17 (id=c02b000f) ===
[ok] ece_10bin and fit_calibrate_evaluate defined

=== cell 18 (id=c02b0010) ===
C:\Users\Alexander\AppData\Local\Programs\Python\Python312\Lib\site-packages\sklearn\calibration.py:330: FutureWarning: The `cv='prefit'` option is deprecated in 1.6 and will be removed in 1.8. You can use CalibratedClassifierCV(FrozenEstimator(estimator)) instead.
  warnings.warn(
C:\Users\Alexander\AppData\Local\Programs\Python\Python312\Lib\site-packages\sklearn\calibration.py:330: FutureWarning: The `cv='prefit'` option is deprecated in 1.6 and will be removed in 1.8. You can use CalibratedClassifierCV(FrozenEstimator(estimator)) instead.
  warnings.warn(
C:\Users\Alexander\AppData\Local\Programs\Python\Python312\Lib\site-packages\sklearn\calibration.py:330: FutureWarning: The `cv='prefit'` option is deprecated in 1.6 and will be removed in 1.8. You can use CalibratedClassifierCV(FrozenEstimator(estimator)) instead.
  warnings.warn(
C:\Users\Alexander\AppData\Local\Programs\Python\Python312\Lib\site-packages\sklearn\calibration.py:330: FutureWarning: The `cv='prefit'` option is deprecated in 1.6 and will be removed in 1.8. You can use CalibratedClassifierCV(FrozenEstimator(estimator)) instead.
  warnings.warn(
C:\Users\Alexander\AppData\Local\Programs\Python\Python312\Lib\site-packages\sklearn\calibration.py:330: FutureWarning: The `cv='prefit'` option is deprecated in 1.6 and will be removed in 1.8. You can use CalibratedClassifierCV(FrozenEstimator(estimator)) instead.
  warnings.warn(
C:\Users\Alexander\AppData\Local\Programs\Python\Python312\Lib\site-packages\sklearn\calibration.py:330: FutureWarning: The `cv='prefit'` option is deprecated in 1.6 and will be removed in 1.8. You can use CalibratedClassifierCV(FrozenEstimator(estimator)) instead.
  warnings.warn(
C:\Users\Alexander\AppData\Local\Programs\Python\Python312\Lib\site-packages\sklearn\calibration.py:330: FutureWarning: The `cv='prefit'` option is deprecated in 1.6 and will be removed in 1.8. You can use CalibratedClassifierCV(FrozenEstimator(estimator)) instead.
  warnings.warn(
C:\Users\Alexander\AppData\Local\Programs\Python\Python312\Lib\site-packages\sklearn\calibration.py:330: FutureWarning: The `cv='prefit'` option is deprecated in 1.6 and will be removed in 1.8. You can use CalibratedClassifierCV(FrozenEstimator(estimator)) instead.
  warnings.warn(
C:\Users\Alexander\AppData\Local\Programs\Python\Python312\Lib\site-packages\sklearn\calibration.py:330: FutureWarning: The `cv='prefit'` option is deprecated in 1.6 and will be removed in 1.8. You can use CalibratedClassifierCV(FrozenEstimator(estimator)) instead.
  warnings.warn(
C:\Users\Alexander\AppData\Local\Programs\Python\Python312\Lib\site-packages\sklearn\calibration.py:330: FutureWarning: The `cv='prefit'` option is deprecated in 1.6 and will be removed in 1.8. You can use CalibratedClassifierCV(FrozenEstimator(estimator)) instead.
  warnings.warn(
C:\Users\Alexander\AppData\Local\Programs\Python\Python312\Lib\site-packages\sklearn\calibration.py:330: FutureWarning: The `cv='prefit'` option is deprecated in 1.6 and will be removed in 1.8. You can use CalibratedClassifierCV(FrozenEstimator(estimator)) instead.
  warnings.warn(
C:\Users\Alexander\AppData\Local\Programs\Python\Python312\Lib\site-packages\sklearn\calibration.py:330: FutureWarning: The `cv='prefit'` option is deprecated in 1.6 and will be removed in 1.8. You can use CalibratedClassifierCV(FrozenEstimator(estimator)) instead.
  warnings.warn(
C:\Users\Alexander\AppData\Local\Programs\Python\Python312\Lib\site-packages\sklearn\calibration.py:330: FutureWarning: The `cv='prefit'` option is deprecated in 1.6 and will be removed in 1.8. You can use CalibratedClassifierCV(FrozenEstimator(estimator)) instead.
  warnings.warn(
C:\Users\Alexander\AppData\Local\Programs\Python\Python312\Lib\site-packages\sklearn\calibration.py:330: FutureWarning: The `cv='prefit'` option is deprecated in 1.6 and will be removed in 1.8. You can use CalibratedClassifierCV(FrozenEstimator(estimator)) instead.
  warnings.warn(
C:\Users\Alexander\AppData\Local\Programs\Python\Python312\Lib\site-packages\sklearn\calibration.py:330: FutureWarning: The `cv='prefit'` option is deprecated in 1.6 and will be removed in 1.8. You can use CalibratedClassifierCV(FrozenEstimator(estimator)) instead.
  warnings.warn(
C:\Users\Alexander\AppData\Local\Programs\Python\Python312\Lib\site-packages\sklearn\calibration.py:330: FutureWarning: The `cv='prefit'` option is deprecated in 1.6 and will be removed in 1.8. You can use CalibratedClassifierCV(FrozenEstimator(estimator)) instead.
  warnings.warn(
C:\Users\Alexander\AppData\Local\Programs\Python\Python312\Lib\site-packages\sklearn\calibration.py:330: FutureWarning: The `cv='prefit'` option is deprecated in 1.6 and will be removed in 1.8. You can use CalibratedClassifierCV(FrozenEstimator(estimator)) instead.
  warnings.warn(
C:\Users\Alexander\AppData\Local\Programs\Python\Python312\Lib\site-packages\sklearn\calibration.py:330: FutureWarning: The `cv='prefit'` option is deprecated in 1.6 and will be removed in 1.8. You can use CalibratedClassifierCV(FrozenEstimator(estimator)) instead.
  warnings.warn(
C:\Users\Alexander\AppData\Local\Programs\Python\Python312\Lib\site-packages\sklearn\calibration.py:330: FutureWarning: The `cv='prefit'` option is deprecated in 1.6 and will be removed in 1.8. You can use CalibratedClassifierCV(FrozenEstimator(estimator)) instead.
  warnings.warn(
C:\Users\Alexander\AppData\Local\Programs\Python\Python312\Lib\site-packages\sklearn\calibration.py:330: FutureWarning: The `cv='prefit'` option is deprecated in 1.6 and will be removed in 1.8. You can use CalibratedClassifierCV(FrozenEstimator(estimator)) instead.
  warnings.warn(
C:\Users\Alexander\AppData\Local\Programs\Python\Python312\Lib\site-packages\sklearn\calibration.py:330: FutureWarning: The `cv='prefit'` option is deprecated in 1.6 and will be removed in 1.8. You can use CalibratedClassifierCV(FrozenEstimator(estimator)) instead.
  warnings.warn(
C:\Users\Alexander\AppData\Local\Programs\Python\Python312\Lib\site-packages\sklearn\calibration.py:330: FutureWarning: The `cv='prefit'` option is deprecated in 1.6 and will be removed in 1.8. You can use CalibratedClassifierCV(FrozenEstimator(estimator)) instead.
  warnings.warn(
C:\Users\Alexander\AppData\Local\Programs\Python\Python312\Lib\site-packages\sklearn\calibration.py:330: FutureWarning: The `cv='prefit'` option is deprecated in 1.6 and will be removed in 1.8. You can use CalibratedClassifierCV(FrozenEstimator(estimator)) instead.
  warnings.warn(
C:\Users\Alexander\AppData\Local\Programs\Python\Python312\Lib\site-packages\sklearn\calibration.py:330: FutureWarning: The `cv='prefit'` option is deprecated in 1.6 and will be removed in 1.8. You can use CalibratedClassifierCV(FrozenEstimator(estimator)) instead.
  warnings.warn(
C:\Users\Alexander\AppData\Local\Programs\Python\Python312\Lib\site-packages\sklearn\calibration.py:330: FutureWarning: The `cv='prefit'` option is deprecated in 1.6 and will be removed in 1.8. You can use CalibratedClassifierCV(FrozenEstimator(estimator)) instead.
  warnings.warn(
C:\Users\Alexander\AppData\Local\Programs\Python\Python312\Lib\site-packages\sklearn\calibration.py:330: FutureWarning: The `cv='prefit'` option is deprecated in 1.6 and will be removed in 1.8. You can use CalibratedClassifierCV(FrozenEstimator(estimator)) instead.
  warnings.warn(
C:\Users\Alexander\AppData\Local\Programs\Python\Python312\Lib\site-packages\sklearn\calibration.py:330: FutureWarning: The `cv='prefit'` option is deprecated in 1.6 and will be removed in 1.8. You can use CalibratedClassifierCV(FrozenEstimator(estimator)) instead.
  warnings.warn(
C:\Users\Alexander\AppData\Local\Programs\Python\Python312\Lib\site-packages\sklearn\calibration.py:330: FutureWarning: The `cv='prefit'` option is deprecated in 1.6 and will be removed in 1.8. You can use CalibratedClassifierCV(FrozenEstimator(estimator)) instead.
  warnings.warn(
C:\Users\Alexander\AppData\Local\Programs\Python\Python312\Lib\site-packages\sklearn\calibration.py:330: FutureWarning: The `cv='prefit'` option is deprecated in 1.6 and will be removed in 1.8. You can use CalibratedClassifierCV(FrozenEstimator(estimator)) instead.
  warnings.warn(
C:\Users\Alexander\AppData\Local\Programs\Python\Python312\Lib\site-packages\sklearn\calibration.py:330: FutureWarning: The `cv='prefit'` option is deprecated in 1.6 and will be removed in 1.8. You can use CalibratedClassifierCV(FrozenEstimator(estimator)) instead.
  warnings.warn(
C:\Users\Alexander\AppData\Local\Programs\Python\Python312\Lib\site-packages\sklearn\calibration.py:330: FutureWarning: The `cv='prefit'` option is deprecated in 1.6 and will be removed in 1.8. You can use CalibratedClassifierCV(FrozenEstimator(estimator)) instead.
  warnings.warn(
C:\Users\Alexander\AppData\Local\Programs\Python\Python312\Lib\site-packages\sklearn\calibration.py:330: FutureWarning: The `cv='prefit'` option is deprecated in 1.6 and will be removed in 1.8. You can use CalibratedClassifierCV(FrozenEstimator(estimator)) instead.
  warnings.warn(
C:\Users\Alexander\AppData\Local\Programs\Python\Python312\Lib\site-packages\sklearn\calibration.py:330: FutureWarning: The `cv='prefit'` option is deprecated in 1.6 and will be removed in 1.8. You can use CalibratedClassifierCV(FrozenEstimator(estimator)) instead.
  warnings.warn(
C:\Users\Alexander\AppData\Local\Programs\Python\Python312\Lib\site-packages\sklearn\calibration.py:330: FutureWarning: The `cv='prefit'` option is deprecated in 1.6 and will be removed in 1.8. You can use CalibratedClassifierCV(FrozenEstimator(estimator)) instead.
  warnings.warn(
C:\Users\Alexander\AppData\Local\Programs\Python\Python312\Lib\site-packages\sklearn\calibration.py:330: FutureWarning: The `cv='prefit'` option is deprecated in 1.6 and will be removed in 1.8. You can use CalibratedClassifierCV(FrozenEstimator(estimator)) instead.
  warnings.warn(
C:\Users\Alexander\AppData\Local\Programs\Python\Python312\Lib\site-packages\sklearn\calibration.py:330: FutureWarning: The `cv='prefit'` option is deprecated in 1.6 and will be removed in 1.8. You can use CalibratedClassifierCV(FrozenEstimator(estimator)) instead.
  warnings.warn(
C:\Users\Alexander\AppData\Local\Programs\Python\Python312\Lib\site-packages\sklearn\calibration.py:330: FutureWarning: The `cv='prefit'` option is deprecated in 1.6 and will be removed in 1.8. You can use CalibratedClassifierCV(FrozenEstimator(estimator)) instead.
  warnings.warn(
C:\Users\Alexander\AppData\Local\Programs\Python\Python312\Lib\site-packages\sklearn\calibration.py:330: FutureWarning: The `cv='prefit'` option is deprecated in 1.6 and will be removed in 1.8. You can use CalibratedClassifierCV(FrozenEstimator(estimator)) instead.
  warnings.warn(
C:\Users\Alexander\AppData\Local\Programs\Python\Python312\Lib\site-packages\sklearn\calibration.py:330: FutureWarning: The `cv='prefit'` option is deprecated in 1.6 and will be removed in 1.8. You can use CalibratedClassifierCV(FrozenEstimator(estimator)) instead.
  warnings.warn(
C:\Users\Alexander\AppData\Local\Programs\Python\Python312\Lib\site-packages\sklearn\calibration.py:330: FutureWarning: The `cv='prefit'` option is deprecated in 1.6 and will be removed in 1.8. You can use CalibratedClassifierCV(FrozenEstimator(estimator)) instead.
  warnings.warn(
C:\Users\Alexander\AppData\Local\Programs\Python\Python312\Lib\site-packages\sklearn\calibration.py:330: FutureWarning: The `cv='prefit'` option is deprecated in 1.6 and will be removed in 1.8. You can use CalibratedClassifierCV(FrozenEstimator(estimator)) instead.
  warnings.warn(
C:\Users\Alexander\AppData\Local\Programs\Python\Python312\Lib\site-packages\sklearn\calibration.py:330: FutureWarning: The `cv='prefit'` option is deprecated in 1.6 and will be removed in 1.8. You can use CalibratedClassifierCV(FrozenEstimator(estimator)) instead.
  warnings.warn(
C:\Users\Alexander\AppData\Local\Programs\Python\Python312\Lib\site-packages\sklearn\calibration.py:330: FutureWarning: The `cv='prefit'` option is deprecated in 1.6 and will be removed in 1.8. You can use CalibratedClassifierCV(FrozenEstimator(estimator)) instead.
  warnings.warn(
C:\Users\Alexander\AppData\Local\Programs\Python\Python312\Lib\site-packages\sklearn\calibration.py:330: FutureWarning: The `cv='prefit'` option is deprecated in 1.6 and will be removed in 1.8. You can use CalibratedClassifierCV(FrozenEstimator(estimator)) instead.
  warnings.warn(
C:\Users\Alexander\AppData\Local\Programs\Python\Python312\Lib\site-packages\sklearn\calibration.py:330: FutureWarning: The `cv='prefit'` option is deprecated in 1.6 and will be removed in 1.8. You can use CalibratedClassifierCV(FrozenEstimator(estimator)) instead.
  warnings.warn(
C:\Users\Alexander\AppData\Local\Programs\Python\Python312\Lib\site-packages\sklearn\calibration.py:330: FutureWarning: The `cv='prefit'` option is deprecated in 1.6 and will be removed in 1.8. You can use CalibratedClassifierCV(FrozenEstimator(estimator)) instead.
  warnings.warn(
C:\Users\Alexander\AppData\Local\Programs\Python\Python312\Lib\site-packages\sklearn\calibration.py:330: FutureWarning: The `cv='prefit'` option is deprecated in 1.6 and will be removed in 1.8. You can use CalibratedClassifierCV(FrozenEstimator(estimator)) instead.
  warnings.warn(
C:\Users\Alexander\AppData\Local\Programs\Python\Python312\Lib\site-packages\sklearn\calibration.py:330: FutureWarning: The `cv='prefit'` option is deprecated in 1.6 and will be removed in 1.8. You can use CalibratedClassifierCV(FrozenEstimator(estimator)) instead.
  warnings.warn(
C:\Users\Alexander\AppData\Local\Programs\Python\Python312\Lib\site-packages\sklearn\calibration.py:330: FutureWarning: The `cv='prefit'` option is deprecated in 1.6 and will be removed in 1.8. You can use CalibratedClassifierCV(FrozenEstimator(estimator)) instead.
  warnings.warn(
C:\Users\Alexander\AppData\Local\Programs\Python\Python312\Lib\site-packages\sklearn\calibration.py:330: FutureWarning: The `cv='prefit'` option is deprecated in 1.6 and will be removed in 1.8. You can use CalibratedClassifierCV(FrozenEstimator(estimator)) instead.
  warnings.warn(
C:\Users\Alexander\AppData\Local\Programs\Python\Python312\Lib\site-packages\sklearn\calibration.py:330: FutureWarning: The `cv='prefit'` option is deprecated in 1.6 and will be removed in 1.8. You can use CalibratedClassifierCV(FrozenEstimator(estimator)) instead.
  warnings.warn(
C:\Users\Alexander\AppData\Local\Programs\Python\Python312\Lib\site-packages\sklearn\calibration.py:330: FutureWarning: The `cv='prefit'` option is deprecated in 1.6 and will be removed in 1.8. You can use CalibratedClassifierCV(FrozenEstimator(estimator)) instead.
  warnings.warn(
C:\Users\Alexander\AppData\Local\Programs\Python\Python312\Lib\site-packages\sklearn\calibration.py:330: FutureWarning: The `cv='prefit'` option is deprecated in 1.6 and will be removed in 1.8. You can use CalibratedClassifierCV(FrozenEstimator(estimator)) instead.
  warnings.warn(
C:\Users\Alexander\AppData\Local\Programs\Python\Python312\Lib\site-packages\sklearn\calibration.py:330: FutureWarning: The `cv='prefit'` option is deprecated in 1.6 and will be removed in 1.8. You can use CalibratedClassifierCV(FrozenEstimator(estimator)) instead.
  warnings.warn(

[ok] evaluation loop complete in 0.9s
     rows: 30 (expected: 30 = 3 windows x 10 features)

stability verdict per feature:
  dog_received_opening_kickoff     PASS  (2/3 test seasons with positive Brier improvement)
  dog_scored_on_opening_drive      PASS  (2/3 test seasons with positive Brier improvement)
  opening_drive_was_td             PASS  (2/3 test seasons with positive Brier improvement)
  opening_drive_was_explosive_td   PASS  (2/3 test seasons with positive Brier improvement)
  opening_drive_yards              FAIL  (1/3 test seasons with positive Brier improvement)
  opening_drive_plays              FAIL  (0/3 test seasons with positive Brier improvement)
  opening_drive_seconds            FAIL  (0/3 test seasons with positive Brier improvement)
  fav_def_epa_first_drive          FAIL  (0/3 test seasons with positive Brier improvement)
  fav_def_epa_after_first_drive    PASS  (3/3 test seasons with positive Brier improvement)
  defense_stabilized_flag          PASS  (3/3 test seasons with positive Brier improvement)
C:\Users\Alexander\AppData\Local\Programs\Python\Python312\Lib\site-packages\sklearn\calibration.py:330: FutureWarning: The `cv='prefit'` option is deprecated in 1.6 and will be removed in 1.8. You can use CalibratedClassifierCV(FrozenEstimator(estimator)) instead.
  warnings.warn(
C:\Users\Alexander\AppData\Local\Programs\Python\Python312\Lib\site-packages\sklearn\calibration.py:330: FutureWarning: The `cv='prefit'` option is deprecated in 1.6 and will be removed in 1.8. You can use CalibratedClassifierCV(FrozenEstimator(estimator)) instead.
  warnings.warn(
C:\Users\Alexander\AppData\Local\Programs\Python\Python312\Lib\site-packages\sklearn\calibration.py:330: FutureWarning: The `cv='prefit'` option is deprecated in 1.6 and will be removed in 1.8. You can use CalibratedClassifierCV(FrozenEstimator(estimator)) instead.
  warnings.warn(
C:\Users\Alexander\AppData\Local\Programs\Python\Python312\Lib\site-packages\sklearn\calibration.py:330: FutureWarning: The `cv='prefit'` option is deprecated in 1.6 and will be removed in 1.8. You can use CalibratedClassifierCV(FrozenEstimator(estimator)) instead.
  warnings.warn(
C:\Users\Alexander\AppData\Local\Programs\Python\Python312\Lib\site-packages\sklearn\calibration.py:330: FutureWarning: The `cv='prefit'` option is deprecated in 1.6 and will be removed in 1.8. You can use CalibratedClassifierCV(FrozenEstimator(estimator)) instead.
  warnings.warn(
C:\Users\Alexander\AppData\Local\Programs\Python\Python312\Lib\site-packages\sklearn\calibration.py:330: FutureWarning: The `cv='prefit'` option is deprecated in 1.6 and will be removed in 1.8. You can use CalibratedClassifierCV(FrozenEstimator(estimator)) instead.
  warnings.warn(

=== cell 20 (id=c02b0012) ===
existing feature_validation.csv: 72 rows
  displaced 30 row(s) matching this run's (feature, train_window, test_season) keys

[ok] wrote feature_validation.csv: 72 rows (30 from this run, 42 retained from prior runs)
     path: C:\Users\Alexander\Documents\CFB\CFBapp\research\results\feature_validation.csv

=== cell 22 (id=c02b0014) ===
[ok] appended 02b section at end of sidecar (markers added)
[ok] wrote feature_validation.schema.md (28,289 chars)
     path: C:\Users\Alexander\Documents\CFB\CFBapp\research\results\feature_validation.schema.md

=== cell 24 (id=c02b0016) ===
======================================================================
Notebook 02b -- opening-drive shock features -- summary
======================================================================

In-scope corpus:
  trigger rows (post NaN final_fav_won drop): 11,416
  /plays cache hits this run:                 161 lookups, 1,541,058 plays across 8,536 games
  /drives cache hits this run:                20 lookups, 214,313 drives across 8,537 games

D4 null-policy scale (additional ask from 02b plan-approval):
  drive_number_in_game == 1 (drive-summary feats NULL): 1,860 (16.29%)

Per-feature x per-test-season results (v1_opening_drive_shock):
  feature                          window->test         brier_b   brier_c    d_brier    ece_b    ece_c      d_ece   stab
  defense_stabilized_flag          2015-2020->2022      0.26035   0.25273   +0.00762  0.14159  0.13458   +0.00700   PASS
  defense_stabilized_flag          2015-2021->2023      0.21721   0.21121   +0.00600  0.08354  0.06102   +0.02253   PASS
  defense_stabilized_flag          2015-2022->2024      0.20975   0.20900   +0.00075  0.02733  0.05358   -0.02625   PASS
  dog_received_opening_kickoff     2015-2020->2022      0.24802   0.25256   -0.00454  0.08310  0.10221   -0.01911   PASS
  dog_received_opening_kickoff     2015-2021->2023      0.21827   0.21777   +0.00050  0.10829  0.07278   +0.03552   PASS
  dog_received_opening_kickoff     2015-2022->2024      0.22364   0.22174   +0.00190  0.05921  0.05901   +0.00020   PASS
  dog_scored_on_opening_drive      2015-2020->2022      0.24704   0.24590   +0.00113  0.09040  0.08142   +0.00898   PASS
  dog_scored_on_opening_drive      2015-2021->2023      0.21208   0.21413   -0.00205  0.07591  0.07373   +0.00218   PASS
  dog_scored_on_opening_drive      2015-2022->2024      0.21463   0.21366   +0.00097  0.03806  0.05051   -0.01246   PASS
  fav_def_epa_after_first_drive    2015-2020->2022      0.24645   0.24233   +0.00413  0.08298  0.08138   +0.00160   PASS
  fav_def_epa_after_first_drive    2015-2021->2023      0.21252   0.20898   +0.00355  0.03640  0.07821   -0.04181   PASS
  fav_def_epa_after_first_drive    2015-2022->2024      0.22147   0.21976   +0.00171  0.05695  0.04981   +0.00714   PASS
  fav_def_epa_first_drive          2015-2020->2022      0.26254   0.26401   -0.00147  0.12475  0.12266   +0.00209   FAIL
  fav_def_epa_first_drive          2015-2021->2023      0.22884   0.22974   -0.00091  0.09735  0.10590   -0.00856   FAIL
  fav_def_epa_first_drive          2015-2022->2024      0.22049   0.22206   -0.00157  0.07166  0.07017   +0.00149   FAIL
  opening_drive_plays              2015-2020->2022      0.24704   0.25225   -0.00521  0.09040  0.09356   -0.00316   FAIL
  opening_drive_plays              2015-2021->2023      0.21208   0.21408   -0.00200  0.07591  0.09547   -0.01955   FAIL
  opening_drive_plays              2015-2022->2024      0.21463   0.21484   -0.00021  0.03806  0.04776   -0.00970   FAIL
  opening_drive_seconds            2015-2020->2022      0.24704   0.24783   -0.00080  0.09040  0.09111   -0.00072   FAIL
  opening_drive_seconds            2015-2021->2023      0.21208   0.21209   -0.00002  0.07591  0.08835   -0.01244   FAIL
  opening_drive_seconds            2015-2022->2024      0.21463   0.21536   -0.00073  0.03806  0.04605   -0.00799   FAIL
  opening_drive_was_explosive_td   2015-2020->2022      0.24704   0.24213   +0.00490  0.09040  0.08147   +0.00892   PASS
  opening_drive_was_explosive_td   2015-2021->2023      0.21208   0.21262   -0.00055  0.07591  0.08554   -0.00963   PASS
  opening_drive_was_explosive_td   2015-2022->2024      0.21463   0.21313   +0.00150  0.03806  0.03768   +0.00038   PASS
  opening_drive_was_td             2015-2020->2022      0.24704   0.24369   +0.00335  0.09040  0.09056   -0.00016   PASS
  opening_drive_was_td             2015-2021->2023      0.21208   0.21265   -0.00058  0.07591  0.06846   +0.00745   PASS
  opening_drive_was_td             2015-2022->2024      0.21463   0.21277   +0.00186  0.03806  0.03738   +0.00068   PASS
  opening_drive_yards              2015-2020->2022      0.24704   0.24549   +0.00155  0.09040  0.09048   -0.00008   FAIL
  opening_drive_yards              2015-2021->2023      0.21208   0.21295   -0.00088  0.07591  0.07047   +0.00544   FAIL
  opening_drive_yards              2015-2022->2024      0.21463   0.21641   -0.00178  0.03806  0.06205   -0.02399   FAIL

Feature stability verdicts:
  dog_received_opening_kickoff     PASS  (2/3 brier-improving, 2/3 ece-improving)
  dog_scored_on_opening_drive      PASS  (2/3 brier-improving, 2/3 ece-improving)
  opening_drive_was_td             PASS  (2/3 brier-improving, 2/3 ece-improving)
  opening_drive_was_explosive_td   PASS  (2/3 brier-improving, 2/3 ece-improving)
  opening_drive_yards              FAIL  (1/3 brier-improving, 1/3 ece-improving)
  opening_drive_plays              FAIL  (0/3 brier-improving, 0/3 ece-improving)
  opening_drive_seconds            FAIL  (0/3 brier-improving, 0/3 ece-improving)
  fav_def_epa_first_drive          FAIL  (0/3 brier-improving, 2/3 ece-improving)
  fav_def_epa_after_first_drive    PASS  (3/3 brier-improving, 2/3 ece-improving)
  defense_stabilized_flag          PASS  (3/3 brier-improving, 2/3 ece-improving)

Null counts per feature (in-scope triggers: 11,416):
  dog_received_opening_kickoff         0 null ( 0.00%)
  dog_scored_on_opening_drive      1,860 null (16.29%) (D4 drive-summary)
  opening_drive_was_td             1,860 null (16.29%) (D4 drive-summary)
  opening_drive_was_explosive_td   1,860 null (16.29%) (D4 drive-summary)
  opening_drive_yards              1,860 null (16.29%) (D4 drive-summary)
  opening_drive_plays              1,860 null (16.29%) (D4 drive-summary)
  opening_drive_seconds            1,860 null (16.29%) (D4 drive-summary)
  fav_def_epa_first_drive          5,377 null (47.10%)
  fav_def_epa_after_first_drive    2,019 null (17.69%)
  defense_stabilized_flag          7,181 null (62.90%)

Deliverables (research/results/):
  feature_validation.csv                       15,523 bytes
  feature_validation.schema.md                 28,827 bytes

=== cell 25 (id=c02b0017) ===
================================================================
CFBD call budget -- Notebook 02b
================================================================

This notebook run:
  total calls this run:       181  (161 /plays + 20 /drives)
  fresh (uncached) this run:     0  (budget: 0)

Cumulative across all notebooks (call log: 3,391 rows):
  total fresh CFBD calls (lifetime):    253
  monthly free-tier limit (BUILD_SPEC A.4 stated):  1,000
    actual quota on current key (probe header):     3,000
  remaining this billing cycle (against actual 3K): 2,747

[ok] notebook 02b complete -- STOP per R22. Do not start Notebook 02c without approval.

